com.daviddelgado.agenda.domain.model.User com.daviddelgado.agenda.feature.auth.domain.model.User
com.daviddelgado.agenda.domain.repository.AuthRepository com.daviddelgado.agenda.feature.auth.domain.repository.AuthRepository
com.daviddelgado.agenda.domain.usecase.LoginUseCase com.daviddelgado.agenda.feature.auth.domain.usecase.LoginUseCase
com.daviddelgado.agenda.domain.usecase.RegisterUseCase com.daviddelgado.agenda.feature.auth.domain.usecase.RegisterUseCase
com.daviddelgado.agenda.domain.usecase.RestoreSessionUseCase com.daviddelgado.agenda.feature.auth.domain.usecase.RestoreSessionUseCase
com.daviddelgado.agenda.domain.usecase.ObserveCurrentUserUseCase com.daviddelgado.agenda.feature.auth.domain.usecase.ObserveCurrentUserUseCase
com.daviddelgado.agenda.domain.usecase.LogoutUseCase com.daviddelgado.agenda.feature.auth.domain.usecase.LogoutUseCase
com.daviddelgado.agenda.domain.usecase.DeleteAccountUseCase com.daviddelgado.agenda.feature.auth.domain.usecase.DeleteAccountUseCase
com.daviddelgado.agenda.domain.usecase.RegisterFcmTokenUseCase com.daviddelgado.agenda.feature.auth.domain.usecase.RegisterFcmTokenUseCase
com.daviddelgado.agenda.domain.usecase.RequestPasswordResetUseCase com.daviddelgado.agenda.feature.auth.domain.usecase.RequestPasswordResetUseCase
com.daviddelgado.agenda.domain.usecase.ResetPasswordUseCase com.daviddelgado.agenda.feature.auth.domain.usecase.ResetPasswordUseCase
com.daviddelgado.agenda.feature.login.FcmTokenProvider com.daviddelgado.agenda.feature.auth.domain.fcm.FcmTokenProvider
com.daviddelgado.agenda.network.api.AuthApi com.daviddelgado.agenda.feature.auth.data.remote.AuthApi
com.daviddelgado.agenda.network.dto.LoginRequest com.daviddelgado.agenda.feature.auth.data.dto.LoginRequest
com.daviddelgado.agenda.network.dto.RegisterRequest com.daviddelgado.agenda.feature.auth.data.dto.RegisterRequest
com.daviddelgado.agenda.network.dto.FcmTokenRequest com.daviddelgado.agenda.feature.auth.data.dto.FcmTokenRequest
com.daviddelgado.agenda.network.dto.ForgotPasswordRequest com.daviddelgado.agenda.feature.auth.data.dto.ForgotPasswordRequest
com.daviddelgado.agenda.network.dto.ResetPasswordRequest com.daviddelgado.agenda.feature.auth.data.dto.ResetPasswordRequest
com.daviddelgado.agenda.data.auth.AuthRepositoryImpl com.daviddelgado.agenda.feature.auth.data.repository.AuthRepositoryImpl
com.daviddelgado.agenda.feature.login com.daviddelgado.agenda.feature.auth.presentation.login
com.daviddelgado.agenda.feature.register com.daviddelgado.agenda.feature.auth.presentation.register
com.daviddelgado.agenda.feature.settings com.daviddelgado.agenda.feature.auth.presentation.settings
com.daviddelgado.agenda.feature.passwordreset.ForgotPasswordScreen com.daviddelgado.agenda.feature.auth.presentation.forgotpassword.ForgotPasswordScreen
com.daviddelgado.agenda.feature.passwordreset.ResetPasswordScreen com.daviddelgado.agenda.feature.auth.presentation.resetpassword.ResetPasswordScreen
