com.daviddelgado.agenda.domain.model com.daviddelgado.agenda.feature.tasks.domain.model
com.daviddelgado.agenda.domain.repository.TaskRepository com.daviddelgado.agenda.feature.tasks.domain.repository.TaskRepository
com.daviddelgado.agenda.domain.usecase com.daviddelgado.agenda.feature.tasks.domain.usecase
com.daviddelgado.agenda.domain.di.domainModule com.daviddelgado.agenda.feature.tasks.domain.di.tasksDomainModule
com.daviddelgado.agenda.database.TaskDao com.daviddelgado.agenda.feature.tasks.database.dao.TaskDao
com.daviddelgado.agenda.database.PendingDeletionDao com.daviddelgado.agenda.feature.tasks.database.dao.PendingDeletionDao
com.daviddelgado.agenda.database.TaskEntity com.daviddelgado.agenda.feature.tasks.database.entity.TaskEntity
com.daviddelgado.agenda.database.PendingDeletionEntity com.daviddelgado.agenda.feature.tasks.database.entity.PendingDeletionEntity
com.daviddelgado.agenda.database com.daviddelgado.agenda.feature.tasks.database
com.daviddelgado.agenda.network.api.TaskApi com.daviddelgado.agenda.feature.tasks.data.remote.TaskApi
com.daviddelgado.agenda.network.dto.TaskDto com.daviddelgado.agenda.feature.tasks.data.dto.TaskDto
com.daviddelgado.agenda.network.dto.BulkDeleteRequest com.daviddelgado.agenda.feature.tasks.data.dto.BulkDeleteRequest
com.daviddelgado.agenda.network.dto.DeletedCountResponse com.daviddelgado.agenda.feature.tasks.data.dto.DeletedCountResponse
com.daviddelgado.agenda.network.WebSocketService com.daviddelgado.agenda.feature.tasks.data.websocket.WebSocketService
com.daviddelgado.agenda.data.task.TaskRepositoryImpl com.daviddelgado.agenda.feature.tasks.data.repository.TaskRepositoryImpl
com.daviddelgado.agenda.data.task com.daviddelgado.agenda.feature.tasks.data.mapper
com.daviddelgado.agenda.feature.tasks.TasksScreen com.daviddelgado.agenda.feature.tasks.presentation.tasks.TasksScreen
com.daviddelgado.agenda.feature.calendar.CalendarScreen com.daviddelgado.agenda.feature.tasks.presentation.calendar.CalendarScreen
